{"level":"info","message":"\u001b[0mPOST /api/auth/register \u001b[31m500\u001b[0m 10062.847 ms - 92\u001b[0m","timestamp":"2026-06-03 17:45:52"}
{"level":"info","message":"\u001b[0mPOST /api/events \u001b[33m401\u001b[0m 29.324 ms - 76\u001b[0m","timestamp":"2026-06-03 17:45:52"}
{"level":"info","message":"\u001b[0mPOST /api/auth/register \u001b[32m201\u001b[0m 377.678 ms - 471\u001b[0m","timestamp":"2026-06-03 17:48:56"}
{"level":"info","message":"\u001b[0mPOST /api/events \u001b[32m201\u001b[0m 496.065 ms - 529\u001b[0m","timestamp":"2026-06-03 17:48:56"}
{"level":"info","message":"\u001b[0mPOST /api/auth/register \u001b[32m201\u001b[0m 304.594 ms - 468\u001b[0m","timestamp":"2026-06-03 17:48:56"}
{"level":"info","message":"\u001b[0mPOST /api/bookings/deposit-wallet \u001b[32m200\u001b[0m 298.483 ms - 49\u001b[0m","timestamp":"2026-06-03 17:48:57"}
{"level":"info","message":"\u001b[0mPOST /api/seats/lock \u001b[32m200\u001b[0m 288.952 ms - 382\u001b[0m","timestamp":"2026-06-03 17:48:57"}
{"level":"info","message":"\u001b[0mPOST /api/auth/register \u001b[32m201\u001b[0m 235.608 ms - 468\u001b[0m","timestamp":"2026-06-03 17:48:57"}
{"level":"info","message":"\u001b[0mPOST /api/seats/lock \u001b[33m409\u001b[0m 187.534 ms - 69\u001b[0m","timestamp":"2026-06-03 17:48:58"}
{"level":"info","message":"\u001b[0mPOST /api/bookings/complete \u001b[32m201\u001b[0m 1476.413 ms - 4142\u001b[0m","timestamp":"2026-06-03 17:48:59"}
{"level":"info","message":"\u001b[0mGET / \u001b[32m200\u001b[0m 9.184 ms - 695\u001b[0m","timestamp":"2026-06-03 17:57:04"}
{"level":"info","message":"\u001b[0mGET /assets/index-DQARPFDc.css \u001b[32m200\u001b[0m 12.752 ms - 30207\u001b[0m","timestamp":"2026-06-03 17:57:04"}
{"level":"info","message":"\u001b[0mGET /assets/index-Dafd_-oC.js \u001b[32m200\u001b[0m 16.273 ms - 266912\u001b[0m","timestamp":"2026-06-03 17:57:04"}
{"level":"info","message":"\u001b[0mGET /api/auth/me \u001b[32m200\u001b[0m 126.697 ms - 282\u001b[0m","timestamp":"2026-06-03 17:57:04"}
{"level":"info","message":"\u001b[0mGET /api/events?page=1&limit=12 \u001b[36m304\u001b[0m 98.678 ms - -\u001b[0m","timestamp":"2026-06-03 17:57:05"}
{"level":"info","message":"\u001b[0mGET /favicon.ico \u001b[32m200\u001b[0m 5.654 ms - 695\u001b[0m","timestamp":"2026-06-03 17:57:05"}
{"level":"info","message":"\u001b[0mGET /api/bookings/my-bookings \u001b[36m304\u001b[0m 179.162 ms - -\u001b[0m","timestamp":"2026-06-03 17:57:21"}
{"level":"info","message":"\u001b[0mGET /api/events?page=1&limit=12 \u001b[36m304\u001b[0m 82.759 ms - -\u001b[0m","timestamp":"2026-06-03 17:57:22"}
{"level":"info","message":"\u001b[0mPOST /api/auth/register \u001b[32m201\u001b[0m 491.372 ms - 471\u001b[0m","timestamp":"2026-06-03 18:04:13"}
{"level":"info","message":"\u001b[0mPOST /api/events \u001b[32m201\u001b[0m 579.802 ms - 529\u001b[0m","timestamp":"2026-06-03 18:04:14"}
{"level":"info","message":"\u001b[0mPOST /api/auth/register \u001b[32m201\u001b[0m 238.476 ms - 468\u001b[0m","timestamp":"2026-06-03 18:04:14"}
{"level":"info","message":"\u001b[0mPOST /api/bookings/deposit-wallet \u001b[32m200\u001b[0m 274.037 ms - 49\u001b[0m","timestamp":"2026-06-03 18:04:14"}
{"level":"info","message":"\u001b[0mPOST /api/seats/lock \u001b[32m200\u001b[0m 252.062 ms - 382\u001b[0m","timestamp":"2026-06-03 18:04:15"}
{"level":"info","message":"\u001b[0mPOST /api/auth/register \u001b[32m201\u001b[0m 253.265 ms - 468\u001b[0m","timestamp":"2026-06-03 18:04:15"}
{"level":"info","message":"\u001b[0mPOST /api/seats/lock \u001b[33m409\u001b[0m 171.848 ms - 69\u001b[0m","timestamp":"2026-06-03 18:04:15"}
{"level":"info","message":"\u001b[0mPOST /api/bookings/complete \u001b[32m201\u001b[0m 1542.911 ms - 4130\u001b[0m","timestamp":"2026-06-03 18:04:17"}
{"level":"info","message":"\u001b[0mGET / \u001b[36m304\u001b[0m 3.358 ms - -\u001b[0m","timestamp":"2026-06-03 18:14:23"}
{"level":"info","message":"\u001b[0mGET /assets/index-DQARPFDc.css \u001b[36m304\u001b[0m 2.521 ms - -\u001b[0m","timestamp":"2026-06-03 18:14:23"}
{"level":"info","message":"\u001b[0mGET /assets/index-Dafd_-oC.js \u001b[36m304\u001b[0m 3.605 ms - -\u001b[0m","timestamp":"2026-06-03 18:14:23"}
{"level":"info","message":"\u001b[0mGET /api/auth/me \u001b[36m304\u001b[0m 89.372 ms - -\u001b[0m","timestamp":"2026-06-03 18:14:24"}
{"level":"info","message":"\u001b[0mGET /api/events?page=1&limit=12 \u001b[36m304\u001b[0m 119.086 ms - -\u001b[0m","timestamp":"2026-06-03 18:14:24"}
{"level":"info","message":"\u001b[0mGET /favicon.ico \u001b[36m304\u001b[0m 4.020 ms - -\u001b[0m","timestamp":"2026-06-03 18:14:24"}
{"level":"info","message":"\u001b[0mPOST /api/auth/logout \u001b[32m200\u001b[0m 24.383 ms - 57\u001b[0m","timestamp":"2026-06-03 18:14:27"}
{"level":"info","message":"\u001b[0mPOST /api/auth/login \u001b[32m200\u001b[0m 213.381 ms - 466\u001b[0m","timestamp":"2026-06-03 18:14:41"}
{"level":"info","message":"\u001b[0mGET /api/events/my-events \u001b[32m200\u001b[0m 467.253 ms - 894\u001b[0m","timestamp":"2026-06-03 18:14:46"}
{"level":"info","message":"\u001b[0mGET /api/events/6a1d4a74469a9a4d24f87aa5/bookings \u001b[36m304\u001b[0m 1214.621 ms - -\u001b[0m","timestamp":"2026-06-03 18:14:49"}
{"level":"info","message":"\u001b[0mGET /api/events/6a1d536f569844d649de1dd9/bookings \u001b[32m200\u001b[0m 935.481 ms - 43\u001b[0m","timestamp":"2026-06-03 18:14:56"}
{"level":"info","message":"\u001b[0mGET /api/bookings/my-bookings \u001b[32m200\u001b[0m 570.595 ms - 9790\u001b[0m","timestamp":"2026-06-03 18:15:02"}
{"level":"info","message":"\u001b[0mGET /api/events?page=1&limit=12 \u001b[36m304\u001b[0m 119.582 ms - -\u001b[0m","timestamp":"2026-06-03 18:15:08"}
{"level":"info","message":"\u001b[0mGET /api/events/6a1ea47b75eb29cc66496dfd \u001b[36m304\u001b[0m 94.057 ms - -\u001b[0m","timestamp":"2026-06-03 18:33:11"}
{"level":"info","message":"\u001b[0mGET /api/events?page=1&limit=12 \u001b[36m304\u001b[0m 93.838 ms - -\u001b[0m","timestamp":"2026-06-03 18:33:16"}
{"level":"info","message":"\u001b[0mGET /api/events/6a1d4a74469a9a4d24f87aa5 \u001b[36m304\u001b[0m 136.035 ms - -\u001b[0m","timestamp":"2026-06-03 18:33:21"}
{"level":"info","message":"\u001b[0mGET /api/events/6a1d4a74469a9a4d24f87aa5 \u001b[36m304\u001b[0m 718.515 ms - -\u001b[0m","timestamp":"2026-06-03 18:33:23"}
{"level":"info","message":"\u001b[0mGET /api/events/6a1d4a74469a9a4d24f87aa5/seats \u001b[36m304\u001b[0m 1136.438 ms - -\u001b[0m","timestamp":"2026-06-03 18:33:24"}
{"level":"info","message":"\u001b[0mGET / \u001b[32m200\u001b[0m 26.564 ms - 695\u001b[0m","timestamp":"2026-06-03 18:40:02"}
{"level":"info","message":"\u001b[0mGET /assets/index-DQARPFDc.css \u001b[32m200\u001b[0m 3.616 ms - 30207\u001b[0m","timestamp":"2026-06-03 18:40:02"}
{"level":"info","message":"\u001b[0mGET /assets/index-Dafd_-oC.js \u001b[32m200\u001b[0m 4.247 ms - 266912\u001b[0m","timestamp":"2026-06-03 18:40:02"}
{"level":"info","message":"\u001b[0mGET /api/auth/me \u001b[32m200\u001b[0m 837.185 ms - 284\u001b[0m","timestamp":"2026-06-03 18:40:06"}
{"level":"info","message":"\u001b[0mGET /api/events?page=1&limit=12 \u001b[32m200\u001b[0m 466.454 ms - 1337\u001b[0m","timestamp":"2026-06-03 18:40:06"}
{"level":"info","message":"\u001b[0mGET /favicon.ico \u001b[32m200\u001b[0m 7.058 ms - 695\u001b[0m","timestamp":"2026-06-03 18:40:09"}
{"level":"info","message":"\u001b[0mGET /api/bookings/my-bookings \u001b[36m304\u001b[0m 355.476 ms - -\u001b[0m","timestamp":"2026-06-03 18:40:10"}
{"level":"info","message":"\u001b[0mGET /api/events?page=1&limit=12 \u001b[36m304\u001b[0m 1967.848 ms - -\u001b[0m","timestamp":"2026-06-03 18:40:14"}
{"level":"info","message":"\u001b[0mGET /api/events/6a1d4a74469a9a4d24f87aa5 \u001b[36m304\u001b[0m 3170.770 ms - -\u001b[0m","timestamp":"2026-06-03 18:40:19"}
{"level":"info","message":"\u001b[0mGET /api/events/6a1d4a74469a9a4d24f87aa5 \u001b[36m304\u001b[0m 3807.447 ms - -\u001b[0m","timestamp":"2026-06-03 18:40:24"}
{"level":"info","message":"\u001b[0mGET /api/events/6a1d4a74469a9a4d24f87aa5/seats \u001b[36m304\u001b[0m 6834.719 ms - -\u001b[0m","timestamp":"2026-06-03 18:40:27"}
{"level":"info","message":"\u001b[0mPOST /api/auth/register \u001b[31m500\u001b[0m 10142.746 ms - 92\u001b[0m","timestamp":"2026-06-03 19:01:17"}
{"level":"info","message":"\u001b[0mPOST /api/events \u001b[33m401\u001b[0m 48.241 ms - 76\u001b[0m","timestamp":"2026-06-03 19:01:17"}
{"level":"info","message":"\u001b[0mPOST /api/auth/register \u001b[32m201\u001b[0m 800.008 ms - 471\u001b[0m","timestamp":"2026-06-03 19:02:20"}
{"level":"info","message":"\u001b[0mPOST /api/events \u001b[32m201\u001b[0m 774.665 ms - 529\u001b[0m","timestamp":"2026-06-03 19:02:20"}
{"level":"info","message":"\u001b[0mPOST /api/auth/register \u001b[32m201\u001b[0m 1163.698 ms - 468\u001b[0m","timestamp":"2026-06-03 19:02:22"}
{"level":"info","message":"\u001b[0mPOST /api/bookings/deposit-wallet \u001b[32m200\u001b[0m 2516.277 ms - 49\u001b[0m","timestamp":"2026-06-03 19:02:24"}
{"level":"info","message":"\u001b[0mPOST /api/seats/lock \u001b[32m200\u001b[0m 4083.137 ms - 382\u001b[0m","timestamp":"2026-06-03 19:02:29"}
{"level":"info","message":"\u001b[0mPOST /api/auth/register \u001b[32m201\u001b[0m 5195.774 ms - 468\u001b[0m","timestamp":"2026-06-03 19:02:36"}
{"level":"info","message":"\u001b[0mPOST /api/seats/lock \u001b[33m409\u001b[0m 511.639 ms - 69\u001b[0m","timestamp":"2026-06-03 19:02:36"}
{"level":"info","message":"\u001b[0mPOST /api/auth/register \u001b[32m201\u001b[0m 797.415 ms - 471\u001b[0m","timestamp":"2026-06-03 19:03:58"}
{"level":"info","message":"\u001b[0mPOST /api/events \u001b[32m201\u001b[0m 1662.901 ms - 529\u001b[0m","timestamp":"2026-06-03 19:04:00"}
{"level":"info","message":"\u001b[0mPOST /api/auth/register \u001b[32m201\u001b[0m 639.988 ms - 468\u001b[0m","timestamp":"2026-06-03 19:04:02"}
{"level":"info","message":"\u001b[0mPOST /api/bookings/deposit-wallet \u001b[32m200\u001b[0m 458.575 ms - 49\u001b[0m","timestamp":"2026-06-03 19:04:02"}
{"level":"info","message":"\u001b[0mPOST /api/seats/lock \u001b[32m200\u001b[0m 367.974 ms - 382\u001b[0m","timestamp":"2026-06-03 19:04:03"}
{"level":"info","message":"\u001b[0mPOST /api/auth/register \u001b[32m201\u001b[0m 815.382 ms - 468\u001b[0m","timestamp":"2026-06-03 19:04:04"}
{"level":"info","message":"\u001b[0mPOST /api/seats/lock \u001b[33m409\u001b[0m 219.917 ms - 69\u001b[0m","timestamp":"2026-06-03 19:04:04"}
{"level":"info","message":"\u001b[0mPOST /api/bookings/complete \u001b[32m201\u001b[0m 7175.698 ms - 4168\u001b[0m","timestamp":"2026-06-03 19:04:11"}
{"level":"info","message":"\u001b[0mPOST /api/auth/register \u001b[32m201\u001b[0m 1415.356 ms - 471\u001b[0m","timestamp":"2026-06-03 19:10:52"}
{"level":"info","message":"\u001b[0mPOST /api/events \u001b[32m201\u001b[0m 997.375 ms - 529\u001b[0m","timestamp":"2026-06-03 19:10:53"}
{"level":"info","message":"\u001b[0mPOST /api/auth/register \u001b[32m201\u001b[0m 579.707 ms - 468\u001b[0m","timestamp":"2026-06-03 19:10:54"}
{"level":"info","message":"\u001b[0mPOST /api/bookings/deposit-wallet \u001b[32m200\u001b[0m 425.857 ms - 49\u001b[0m","timestamp":"2026-06-03 19:10:54"}
{"level":"info","message":"\u001b[0mPOST /api/seats/lock \u001b[32m200\u001b[0m 340.562 ms - 382\u001b[0m","timestamp":"2026-06-03 19:10:55"}
{"level":"info","message":"\u001b[0mPOST /api/auth/register \u001b[32m201\u001b[0m 431.649 ms - 468\u001b[0m","timestamp":"2026-06-03 19:10:55"}
{"level":"info","message":"\u001b[0mPOST /api/seats/lock \u001b[33m409\u001b[0m 190.362 ms - 69\u001b[0m","timestamp":"2026-06-03 19:10:55"}
{"level":"info","message":"\u001b[0mPOST /api/bookings/complete \u001b[32m201\u001b[0m 2459.385 ms - 4160\u001b[0m","timestamp":"2026-06-03 19:10:58"}
{"level":"info","message":"\u001b[0mGET / \u001b[32m200\u001b[0m 43.869 ms - 695\u001b[0m","timestamp":"2026-06-03 19:11:59"}
{"level":"info","message":"\u001b[0mGET /assets/index-B0vWAWri.css \u001b[32m200\u001b[0m 5.064 ms - 37599\u001b[0m","timestamp":"2026-06-03 19:11:59"}
{"level":"info","message":"\u001b[0mGET /assets/index-BZ3NguP8.js \u001b[32m200\u001b[0m 5.808 ms - 335281\u001b[0m","timestamp":"2026-06-03 19:11:59"}
{"level":"info","message":"\u001b[0mGET /api/auth/me \u001b[36m304\u001b[0m 164.647 ms - -\u001b[0m","timestamp":"2026-06-03 19:12:00"}
{"level":"info","message":"\u001b[0mGET /favicon.ico \u001b[32m200\u001b[0m 9.148 ms - 695\u001b[0m","timestamp":"2026-06-03 19:12:00"}
{"level":"info","message":"\u001b[0mGET / \u001b[32m200\u001b[0m 3.922 ms - 695\u001b[0m","timestamp":"2026-06-03 19:12:01"}
{"level":"info","message":"\u001b[0mGET /assets/index-B0vWAWri.css \u001b[32m200\u001b[0m 15.717 ms - 37599\u001b[0m","timestamp":"2026-06-03 19:12:01"}
{"level":"info","message":"\u001b[0mGET / \u001b[32m200\u001b[0m 7.676 ms - 695\u001b[0m","timestamp":"2026-06-03 19:12:02"}
{"level":"info","message":"\u001b[0mGET /assets/index-BZ3NguP8.js \u001b[32m200\u001b[0m 16.614 ms - 335281\u001b[0m","timestamp":"2026-06-03 19:12:02"}
{"level":"info","message":"\u001b[0mGET / \u001b[32m200\u001b[0m 3.231 ms - 695\u001b[0m","timestamp":"2026-06-03 19:12:02"}
{"level":"info","message":"\u001b[0mGET /assets/index-B0vWAWri.css \u001b[32m200\u001b[0m 11.550 ms - 37599\u001b[0m","timestamp":"2026-06-03 19:12:02"}
{"level":"info","message":"\u001b[0mGET /assets/index-BZ3NguP8.js \u001b[32m200\u001b[0m 14.746 ms - 335281\u001b[0m","timestamp":"2026-06-03 19:12:02"}
{"level":"info","message":"\u001b[0mGET /api/auth/me \u001b[32m200\u001b[0m 85.245 ms - 284\u001b[0m","timestamp":"2026-06-03 19:12:02"}
{"level":"info","message":"\u001b[0mGET /favicon.ico \u001b[32m200\u001b[0m 4.063 ms - 695\u001b[0m","timestamp":"2026-06-03 19:12:03"}
{"level":"info","message":"\u001b[0mGET / \u001b[36m304\u001b[0m 6.194 ms - -\u001b[0m","timestamp":"2026-06-03 19:12:09"}
{"level":"info","message":"\u001b[0mGET /assets/index-B0vWAWri.css \u001b[36m304\u001b[0m 3.103 ms - -\u001b[0m","timestamp":"2026-06-03 19:12:09"}
{"level":"info","message":"\u001b[0mGET /assets/index-BZ3NguP8.js \u001b[36m304\u001b[0m 5.782 ms - -\u001b[0m","timestamp":"2026-06-03 19:12:09"}
{"level":"info","message":"\u001b[0mGET /api/auth/me \u001b[36m304\u001b[0m 95.210 ms - -\u001b[0m","timestamp":"2026-06-03 19:12:09"}
{"level":"info","message":"\u001b[0mGET /favicon.ico \u001b[36m304\u001b[0m 5.712 ms - -\u001b[0m","timestamp":"2026-06-03 19:12:09"}
{"level":"info","message":"\u001b[0mGET /api/auth/me \u001b[33m401\u001b[0m 45.551 ms - 76\u001b[0m","timestamp":"2026-06-03 19:14:24"}
{"level":"info","message":"\u001b[0mGET /api/auth/me \u001b[33m401\u001b[0m 8.258 ms - 76\u001b[0m","timestamp":"2026-06-03 19:14:24"}
{"level":"info","message":"\u001b[0mGET /api/events?page=1&limit=12 \u001b[0m-\u001b[0m - ms - -\u001b[0m","timestamp":"2026-06-03 19:17:18"}
{"level":"info","message":"\u001b[0mGET /api/events?page=1&limit=12 \u001b[0m-\u001b[0m - ms - -\u001b[0m","timestamp":"2026-06-03 19:18:44"}
{"level":"info","message":"\u001b[0mGET /api/events?page=1&limit=12 \u001b[0m-\u001b[0m - ms - -\u001b[0m","timestamp":"2026-06-03 19:18:44"}
{"level":"info","message":"\u001b[0mGET / \u001b[32m200\u001b[0m 6.497 ms - 695\u001b[0m","timestamp":"2026-06-03 19:18:49"}
{"level":"info","message":"\u001b[0mGET /assets/index-B0vWAWri.css \u001b[32m200\u001b[0m 8.592 ms - 37599\u001b[0m","timestamp":"2026-06-03 19:18:49"}
{"level":"info","message":"\u001b[0mGET /assets/index-BBOk-ZF6.js \u001b[32m200\u001b[0m 9.747 ms - 335306\u001b[0m","timestamp":"2026-06-03 19:18:49"}
{"level":"info","message":"\u001b[0mGET /api/auth/me \u001b[36m304\u001b[0m 92.846 ms - -\u001b[0m","timestamp":"2026-06-03 19:18:49"}
{"level":"info","message":"\u001b[0mGET /api/auth/notifications \u001b[32m200\u001b[0m 155.006 ms - 48\u001b[0m","timestamp":"2026-06-03 19:18:50"}
{"level":"info","message":"\u001b[0mGET /favicon.ico \u001b[32m200\u001b[0m 8.567 ms - 695\u001b[0m","timestamp":"2026-06-03 19:18:50"}
{"level":"info","message":"\u001b[0mGET /api/auth/notifications \u001b[36m304\u001b[0m 185.635 ms - -\u001b[0m","timestamp":"2026-06-03 19:19:00"}
{"level":"info","message":"\u001b[0mGET /api/auth/notifications \u001b[36m304\u001b[0m 525.915 ms - -\u001b[0m","timestamp":"2026-06-03 19:19:10"}
{"level":"info","message":"\u001b[0mGET /api/auth/notifications \u001b[36m304\u001b[0m 189.033 ms - -\u001b[0m","timestamp":"2026-06-03 19:19:20"}
{"level":"info","message":"\u001b[0mGET /api/auth/notifications \u001b[36m304\u001b[0m 278.983 ms - -\u001b[0m","timestamp":"2026-06-03 19:19:30"}
{"level":"info","message":"\u001b[0mPOST /api/auth/login \u001b[32m200\u001b[0m 711.568 ms - 466\u001b[0m","timestamp":"2026-06-03 19:19:32"}
{"level":"info","message":"\u001b[0mGET /api/auth/notifications \u001b[32m200\u001b[0m 176.831 ms - 48\u001b[0m","timestamp":"2026-06-03 19:19:32"}
{"level":"info","message":"\u001b[0mGET /api/auth/notifications \u001b[36m304\u001b[0m 412.208 ms - -\u001b[0m","timestamp":"2026-06-03 19:19:40"}
{"level":"info","message":"\u001b[0mGET /api/auth/notifications \u001b[36m304\u001b[0m 247.808 ms - -\u001b[0m","timestamp":"2026-06-03 19:19:42"}
{"level":"info","message":"\u001b[0mGET /api/auth/notifications \u001b[36m304\u001b[0m 193.551 ms - -\u001b[0m","timestamp":"2026-06-03 19:19:50"}
{"level":"info","message":"\u001b[0mGET /api/auth/notifications \u001b[36m304\u001b[0m 159.325 ms - -\u001b[0m","timestamp":"2026-06-03 19:19:52"}
{"level":"info","message":"\u001b[0mGET /api/auth/notifications \u001b[36m304\u001b[0m 204.042 ms - -\u001b[0m","timestamp":"2026-06-03 19:20:00"}
{"level":"info","message":"\u001b[0mGET /api/auth/notifications \u001b[36m304\u001b[0m 175.735 ms - -\u001b[0m","timestamp":"2026-06-03 19:20:02"}
{"level":"info","message":"\u001b[0mGET /api/auth/notifications \u001b[36m304\u001b[0m 192.851 ms - -\u001b[0m","timestamp":"2026-06-03 19:20:12"}
{"level":"info","message":"\u001b[0mGET /api/auth/notifications \u001b[36m304\u001b[0m 168.258 ms - -\u001b[0m","timestamp":"2026-06-03 19:20:22"}
{"level":"info","message":"\u001b[0mGET /api/auth/notifications \u001b[36m304\u001b[0m 202.485 ms - -\u001b[0m","timestamp":"2026-06-03 19:20:32"}
{"level":"info","message":"\u001b[0mGET /api/auth/notifications \u001b[36m304\u001b[0m 195.066 ms - -\u001b[0m","timestamp":"2026-06-03 19:20:43"}
{"level":"info","message":"\u001b[0mGET /api/auth/notifications \u001b[36m304\u001b[0m 239.882 ms - -\u001b[0m","timestamp":"2026-06-03 19:20:53"}
{"level":"info","message":"\u001b[0mGET /api/auth/notifications \u001b[36m304\u001b[0m 671.552 ms - -\u001b[0m","timestamp":"2026-06-03 19:21:00"}
{"level":"info","message":"\u001b[0mGET /api/auth/notifications \u001b[36m304\u001b[0m 167.541 ms - -\u001b[0m","timestamp":"2026-06-03 19:21:03"}
{"level":"info","message":"\u001b[0mGET /api/auth/notifications \u001b[36m304\u001b[0m 219.015 ms - -\u001b[0m","timestamp":"2026-06-03 19:21:13"}
{"level":"info","message":"\u001b[0mGET /api/auth/notifications \u001b[36m304\u001b[0m 304.533 ms - -\u001b[0m","timestamp":"2026-06-03 19:21:23"}
{"level":"info","message":"\u001b[0mGET /api/auth/notifications \u001b[36m304\u001b[0m 312.549 ms - -\u001b[0m","timestamp":"2026-06-03 19:21:33"}
{"level":"info","message":"\u001b[0mGET /api/auth/notifications \u001b[36m304\u001b[0m 159.499 ms - -\u001b[0m","timestamp":"2026-06-03 19:21:56"}
{"level":"info","message":"\u001b[0mGET /api/bookings/referral/code \u001b[32m200\u001b[0m 114.275 ms - 57\u001b[0m","timestamp":"2026-06-03 19:21:59"}
{"level":"info","message":"\u001b[0mGET /api/bookings/referral/code \u001b[36m304\u001b[0m 97.401 ms - -\u001b[0m","timestamp":"2026-06-03 19:21:59"}
{"level":"info","message":"\u001b[0mGET /api/bookings/my-bookings \u001b[32m200\u001b[0m 488.346 ms - 9790\u001b[0m","timestamp":"2026-06-03 19:22:00"}
{"level":"info","message":"\u001b[0mGET /api/auth/notifications \u001b[36m304\u001b[0m 188.018 ms - -\u001b[0m","timestamp":"2026-06-03 19:22:00"}
{"level":"info","message":"\u001b[0mGET /api/bookings/my-bookings \u001b[36m304\u001b[0m 345.018 ms - -\u001b[0m","timestamp":"2026-06-03 19:22:00"}
{"level":"info","message":"\u001b[0mGET /api/auth/notifications \u001b[36m304\u001b[0m 222.220 ms - -\u001b[0m","timestamp":"2026-06-03 19:22:02"}
{"level":"info","message":"\u001b[0mGET /api/auth/notifications \u001b[36m304\u001b[0m 198.577 ms - -\u001b[0m","timestamp":"2026-06-03 19:22:12"}
{"level":"info","message":"\u001b[0mGET /api/auth/notifications \u001b[36m304\u001b[0m 159.822 ms - -\u001b[0m","timestamp":"2026-06-03 19:22:22"}
{"level":"info","message":"\u001b[0mGET /api/auth/notifications \u001b[36m304\u001b[0m 374.303 ms - -\u001b[0m","timestamp":"2026-06-03 19:22:33"}
{"level":"info","message":"\u001b[0mGET /api/auth/notifications \u001b[36m304\u001b[0m 333.195 ms - -\u001b[0m","timestamp":"2026-06-03 19:22:43"}
{"level":"info","message":"\u001b[0mGET /api/auth/notifications \u001b[36m304\u001b[0m 158.507 ms - -\u001b[0m","timestamp":"2026-06-03 19:22:53"}
{"level":"info","message":"\u001b[0mGET /api/auth/notifications \u001b[36m304\u001b[0m 1236.548 ms - -\u001b[0m","timestamp":"2026-06-03 19:23:02"}
{"level":"info","message":"\u001b[0mGET /api/auth/notifications \u001b[36m304\u001b[0m 162.875 ms - -\u001b[0m","timestamp":"2026-06-03 19:23:03"}
{"level":"info","message":"\u001b[0mGET /api/auth/notifications \u001b[36m304\u001b[0m 309.447 ms - -\u001b[0m","timestamp":"2026-06-03 19:23:13"}
{"level":"info","message":"\u001b[0mGET /api/auth/notifications \u001b[36m304\u001b[0m 1662.714 ms - -\u001b[0m","timestamp":"2026-06-03 19:24:01"}
{"level":"info","message":"\u001b[0mGET /api/auth/notifications \u001b[32m200\u001b[0m 1739.129 ms - 48\u001b[0m","timestamp":"2026-06-03 19:24:01"}
{"level":"info","message":"\u001b[0mGET /api/events \u001b[32m200\u001b[0m 847.920 ms - 1355\u001b[0m","timestamp":"2026-06-03 19:24:01"}
{"level":"info","message":"\u001b[0mGET /api/auth/notifications \u001b[36m304\u001b[0m 194.943 ms - -\u001b[0m","timestamp":"2026-06-03 19:25:00"}
{"level":"info","message":"\u001b[0mGET /api/auth/notifications \u001b[36m304\u001b[0m 220.814 ms - -\u001b[0m","timestamp":"2026-06-03 19:25:00"}
{"level":"info","message":"\u001b[0mGET /api/auth/notifications \u001b[36m304\u001b[0m 508.465 ms - -\u001b[0m","timestamp":"2026-06-03 19:25:23"}
{"level":"info","message":"\u001b[0mGET /api/events?page=1&limit=12 \u001b[32m200\u001b[0m 234.869 ms - 1355\u001b[0m","timestamp":"2026-06-03 19:25:27"}
{"level":"info","message":"\u001b[0mGET /api/events?page=1&limit=12 \u001b[36m304\u001b[0m 134.628 ms - -\u001b[0m","timestamp":"2026-06-03 19:25:27"}
{"level":"info","message":"\u001b[0mGET /api/auth/notifications \u001b[36m304\u001b[0m 322.346 ms - -\u001b[0m","timestamp":"2026-06-03 19:25:32"}
{"level":"info","message":"\u001b[0mGET /api/events/6a1d4a74469a9a4d24f87aa5 \u001b[32m200\u001b[0m 101.694 ms - 531\u001b[0m","timestamp":"2026-06-03 19:25:32"}
{"level":"info","message":"\u001b[0mGET /api/events/6a1d4a74469a9a4d24f87aa5/streaming \u001b[32m200\u001b[0m 120.000 ms - 70\u001b[0m","timestamp":"2026-06-03 19:25:32"}
{"level":"info","message":"\u001b[0mGET /api/events/6a1d4a74469a9a4d24f87aa5 \u001b[36m304\u001b[0m 108.752 ms - -\u001b[0m","timestamp":"2026-06-03 19:25:32"}
{"level":"info","message":"\u001b[0mGET /api/events/6a1d4a74469a9a4d24f87aa5/streaming \u001b[36m304\u001b[0m 89.744 ms - -\u001b[0m","timestamp":"2026-06-03 19:25:32"}
{"level":"info","message":"\u001b[0mGET /api/events/6a1d4a74469a9a4d24f87aa5 \u001b[36m304\u001b[0m 397.723 ms - -\u001b[0m","timestamp":"2026-06-03 19:25:34"}
{"level":"info","message":"\u001b[0mGET /api/events/6a1d4a74469a9a4d24f87aa5 \u001b[36m304\u001b[0m 583.176 ms - -\u001b[0m","timestamp":"2026-06-03 19:25:34"}
{"level":"info","message":"\u001b[0mGET /api/events/6a1d4a74469a9a4d24f87aa5/seats \u001b[32m200\u001b[0m 1451.075 ms - 38247\u001b[0m","timestamp":"2026-06-03 19:25:35"}
{"level":"info","message":"\u001b[0mGET /api/events/6a1d4a74469a9a4d24f87aa5/seats \u001b[36m304\u001b[0m 969.748 ms - -\u001b[0m","timestamp":"2026-06-03 19:25:36"}
{"level":"info","message":"\u001b[0mGET /api/auth/notifications \u001b[36m304\u001b[0m 184.062 ms - -\u001b[0m","timestamp":"2026-06-03 19:25:42"}
{"level":"info","message":"\u001b[0mPOST /api/seats/lock \u001b[32m200\u001b[0m 411.461 ms - 380\u001b[0m","timestamp":"2026-06-03 19:25:44"}
{"level":"info","message":"\u001b[0mGET /api/events/6a1d4a74469a9a4d24f87aa5 \u001b[36m304\u001b[0m 90.323 ms - -\u001b[0m","timestamp":"2026-06-03 19:25:44"}
{"level":"info","message":"\u001b[0mGET /api/events/6a1d4a74469a9a4d24f87aa5 \u001b[36m304\u001b[0m 78.707 ms - -\u001b[0m","timestamp":"2026-06-03 19:25:44"}
{"level":"info","message":"\u001b[0mGET /api/auth/notifications \u001b[36m304\u001b[0m 359.298 ms - -\u001b[0m","timestamp":"2026-06-03 19:25:52"}
{"level":"info","message":"\u001b[0mGET /api/auth/notifications \u001b[36m304\u001b[0m 170.676 ms - -\u001b[0m","timestamp":"2026-06-03 19:26:02"}
{"level":"info","message":"\u001b[0mGET /api/auth/notifications \u001b[36m304\u001b[0m 190.931 ms - -\u001b[0m","timestamp":"2026-06-03 19:26:12"}
{"level":"info","message":"\u001b[0mGET /api/auth/notifications \u001b[36m304\u001b[0m 179.444 ms - -\u001b[0m","timestamp":"2026-06-03 19:26:22"}
{"level":"info","message":"\u001b[0mGET /api/bookings/referral/code \u001b[36m304\u001b[0m 111.494 ms - -\u001b[0m","timestamp":"2026-06-03 19:26:28"}
{"level":"info","message":"\u001b[0mGET /api/bookings/referral/code \u001b[36m304\u001b[0m 109.583 ms - -\u001b[0m","timestamp":"2026-06-03 19:26:28"}
{"level":"info","message":"\u001b[0mGET /api/bookings/my-bookings \u001b[36m304\u001b[0m 313.303 ms - -\u001b[0m","timestamp":"2026-06-03 19:26:28"}
{"level":"info","message":"\u001b[0mGET /api/bookings/my-bookings \u001b[36m304\u001b[0m 270.888 ms - -\u001b[0m","timestamp":"2026-06-03 19:26:28"}
{"level":"info","message":"\u001b[0mGET /api/auth/notifications \u001b[36m304\u001b[0m 207.215 ms - -\u001b[0m","timestamp":"2026-06-03 19:26:32"}
{"level":"info","message":"\u001b[0mPOST /api/bookings/deposit-wallet \u001b[32m200\u001b[0m 309.751 ms - 50\u001b[0m","timestamp":"2026-06-03 19:26:35"}
{"level":"info","message":"\u001b[0mGET /api/auth/me \u001b[32m200\u001b[0m 100.709 ms - 287\u001b[0m","timestamp":"2026-06-03 19:26:35"}
{"level":"info","message":"\u001b[0mGET /api/auth/notifications \u001b[36m304\u001b[0m 204.380 ms - -\u001b[0m","timestamp":"2026-06-03 19:26:35"}
{"level":"info","message":"\u001b[0mGET /api/auth/notifications \u001b[36m304\u001b[0m 176.373 ms - -\u001b[0m","timestamp":"2026-06-03 19:26:45"}
{"level":"info","message":"\u001b[0mGET /api/events?page=1&limit=12 \u001b[36m304\u001b[0m 105.302 ms - -\u001b[0m","timestamp":"2026-06-03 19:26:50"}
{"level":"info","message":"\u001b[0mGET /api/events?page=1&limit=12 \u001b[36m304\u001b[0m 88.949 ms - -\u001b[0m","timestamp":"2026-06-03 19:26:51"}
{"level":"info","message":"\u001b[0mGET /api/events/6a1d4a74469a9a4d24f87aa5/streaming \u001b[36m304\u001b[0m 96.503 ms - -\u001b[0m","timestamp":"2026-06-03 19:26:52"}
{"level":"info","message":"\u001b[0mGET /api/events/6a1d4a74469a9a4d24f87aa5 \u001b[36m304\u001b[0m 105.837 ms - -\u001b[0m","timestamp":"2026-06-03 19:26:52"}
{"level":"info","message":"\u001b[0mGET /api/events/6a1d4a74469a9a4d24f87aa5 \u001b[36m304\u001b[0m 92.845 ms - -\u001b[0m","timestamp":"2026-06-03 19:26:52"}
{"level":"info","message":"\u001b[0mGET /api/events/6a1d4a74469a9a4d24f87aa5/streaming \u001b[36m304\u001b[0m 107.274 ms - -\u001b[0m","timestamp":"2026-06-03 19:26:52"}
{"level":"info","message":"\u001b[0mGET /api/events/6a1d4a74469a9a4d24f87aa5 \u001b[36m304\u001b[0m 123.275 ms - -\u001b[0m","timestamp":"2026-06-03 19:26:54"}
{"level":"info","message":"\u001b[0mGET /api/events/6a1d4a74469a9a4d24f87aa5 \u001b[36m304\u001b[0m 92.289 ms - -\u001b[0m","timestamp":"2026-06-03 19:26:54"}
{"level":"info","message":"\u001b[0mGET /api/events/6a1d4a74469a9a4d24f87aa5/seats \u001b[32m200\u001b[0m 506.015 ms - 38288\u001b[0m","timestamp":"2026-06-03 19:26:55"}
{"level":"info","message":"\u001b[0mGET /api/events/6a1d4a74469a9a4d24f87aa5/seats \u001b[36m304\u001b[0m 385.746 ms - -\u001b[0m","timestamp":"2026-06-03 19:26:55"}
{"level":"info","message":"\u001b[0mGET /api/auth/notifications \u001b[36m304\u001b[0m 302.133 ms - -\u001b[0m","timestamp":"2026-06-03 19:26:55"}
{"level":"info","message":"\u001b[0mPOST /api/seats/lock \u001b[32m200\u001b[0m 285.442 ms - 383\u001b[0m","timestamp":"2026-06-03 19:27:01"}
{"level":"info","message":"\u001b[0mGET /api/events/6a1d4a74469a9a4d24f87aa5 \u001b[36m304\u001b[0m 91.566 ms - -\u001b[0m","timestamp":"2026-06-03 19:27:01"}
{"level":"info","message":"\u001b[0mGET /api/events/6a1d4a74469a9a4d24f87aa5 \u001b[36m304\u001b[0m 76.392 ms - -\u001b[0m","timestamp":"2026-06-03 19:27:01"}
{"level":"info","message":"\u001b[0mGET /api/auth/notifications \u001b[36m304\u001b[0m 227.414 ms - -\u001b[0m","timestamp":"2026-06-03 19:27:05"}
{"level":"info","message":"\u001b[0mPOST /api/bookings/complete \u001b[32m201\u001b[0m 1325.240 ms - 4801\u001b[0m","timestamp":"2026-06-03 19:27:05"}
{"level":"info","message":"\u001b[0mGET /api/bookings/6a2032b14190e5934cff8485 \u001b[32m200\u001b[0m 349.296 ms - 9834\u001b[0m","timestamp":"2026-06-03 19:27:06"}
{"level":"info","message":"\u001b[0mGET /api/bookings/6a2032b14190e5934cff8485 \u001b[36m304\u001b[0m 345.112 ms - -\u001b[0m","timestamp":"2026-06-03 19:27:06"}
{"level":"info","message":"\u001b[0mGET /api/auth/notifications \u001b[32m200\u001b[0m 161.132 ms - 307\u001b[0m","timestamp":"2026-06-03 19:27:15"}
{"level":"info","message":"\u001b[0mGET /api/auth/notifications \u001b[36m304\u001b[0m 173.042 ms - -\u001b[0m","timestamp":"2026-06-03 19:27:25"}
{"level":"info","message":"\u001b[0mGET /api/auth/notifications \u001b[36m304\u001b[0m 175.756 ms - -\u001b[0m","timestamp":"2026-06-03 19:27:36"}
{"level":"info","message":"\u001b[0mGET /api/events?page=1&limit=12 \u001b[32m200\u001b[0m 145.919 ms - 1355\u001b[0m","timestamp":"2026-06-03 19:27:39"}
{"level":"info","message":"\u001b[0mGET /api/events?page=1&limit=12 \u001b[36m304\u001b[0m 152.836 ms - -\u001b[0m","timestamp":"2026-06-03 19:27:39"}
{"level":"info","message":"\u001b[0mGET /api/bookings/referral/code \u001b[36m304\u001b[0m 186.959 ms - -\u001b[0m","timestamp":"2026-06-03 19:27:40"}
{"level":"info","message":"\u001b[0mGET /api/bookings/referral/code \u001b[36m304\u001b[0m 103.636 ms - -\u001b[0m","timestamp":"2026-06-03 19:27:40"}
{"level":"info","message":"\u001b[0mGET /api/bookings/my-bookings \u001b[32m200\u001b[0m 486.914 ms - 14681\u001b[0m","timestamp":"2026-06-03 19:27:40"}
{"level":"info","message":"\u001b[0mGET /api/bookings/my-bookings \u001b[36m304\u001b[0m 240.539 ms - -\u001b[0m","timestamp":"2026-06-03 19:27:41"}
{"level":"info","message":"\u001b[0mGET /api/auth/notifications \u001b[36m304\u001b[0m 159.304 ms - -\u001b[0m","timestamp":"2026-06-03 19:27:45"}
{"level":"info","message":"\u001b[0mGET /api/auth/notifications \u001b[36m304\u001b[0m 217.399 ms - -\u001b[0m","timestamp":"2026-06-03 19:27:56"}
{"level":"info","message":"\u001b[0mGET /api/auth/notifications \u001b[36m304\u001b[0m 364.772 ms - -\u001b[0m","timestamp":"2026-06-03 19:28:06"}
{"level":"info","message":"\u001b[0mGET /api/auth/notifications \u001b[36m304\u001b[0m 238.585 ms - -\u001b[0m","timestamp":"2026-06-03 19:28:16"}
{"level":"info","message":"\u001b[0mGET /api/auth/notifications \u001b[36m304\u001b[0m 182.377 ms - -\u001b[0m","timestamp":"2026-06-03 19:28:26"}
{"level":"info","message":"\u001b[0mGET /api/auth/notifications \u001b[36m304\u001b[0m 186.338 ms - -\u001b[0m","timestamp":"2026-06-03 19:28:36"}
{"level":"info","message":"\u001b[0mGET /api/auth/notifications \u001b[36m304\u001b[0m 293.582 ms - -\u001b[0m","timestamp":"2026-06-03 19:28:46"}
{"level":"info","message":"\u001b[0mGET /api/auth/notifications \u001b[36m304\u001b[0m 174.701 ms - -\u001b[0m","timestamp":"2026-06-03 19:29:00"}
{"level":"info","message":"\u001b[0mGET /api/auth/notifications \u001b[36m304\u001b[0m 248.950 ms - -\u001b[0m","timestamp":"2026-06-03 19:30:00"}
{"level":"info","message":"\u001b[0mPOST /api/auth/register \u001b[32m201\u001b[0m 559.115 ms - 471\u001b[0m","timestamp":"2026-06-03 19:31:36"}
{"level":"info","message":"\u001b[0mPOST /api/events \u001b[32m201\u001b[0m 784.712 ms - 529\u001b[0m","timestamp":"2026-06-03 19:31:37"}
{"level":"info","message":"\u001b[0mPOST /api/auth/register \u001b[32m201\u001b[0m 517.367 ms - 468\u001b[0m","timestamp":"2026-06-03 19:31:38"}
{"level":"info","message":"\u001b[0mPOST /api/bookings/deposit-wallet \u001b[32m200\u001b[0m 425.870 ms - 49\u001b[0m","timestamp":"2026-06-03 19:31:39"}
{"level":"info","message":"\u001b[0mPOST /api/seats/lock \u001b[32m200\u001b[0m 314.527 ms - 382\u001b[0m","timestamp":"2026-06-03 19:31:39"}
{"level":"info","message":"\u001b[0mPOST /api/auth/register \u001b[32m201\u001b[0m 643.134 ms - 468\u001b[0m","timestamp":"2026-06-03 19:31:40"}
{"level":"info","message":"\u001b[0mPOST /api/seats/lock \u001b[33m409\u001b[0m 212.307 ms - 69\u001b[0m","timestamp":"2026-06-03 19:31:40"}
{"level":"info","message":"\u001b[0mPOST /api/bookings/complete \u001b[32m201\u001b[0m 2424.827 ms - 4160\u001b[0m","timestamp":"2026-06-03 19:31:43"}
{"level":"info","message":"\u001b[0mGET /api/auth/notifications \u001b[36m304\u001b[0m 378.747 ms - -\u001b[0m","timestamp":"2026-06-03 19:33:55"}
{"level":"info","message":"\u001b[0mGET /api/auth/me \u001b[32m200\u001b[0m 84.919 ms - 286\u001b[0m","timestamp":"2026-06-03 19:33:59"}
{"level":"info","message":"\u001b[0mGET /api/auth/me \u001b[36m304\u001b[0m 140.777 ms - -\u001b[0m","timestamp":"2026-06-03 19:34:00"}
{"level":"info","message":"\u001b[0mGET /api/events?page=1&limit=12 \u001b[36m304\u001b[0m 179.985 ms - -\u001b[0m","timestamp":"2026-06-03 19:34:00"}
{"level":"info","message":"\u001b[0mGET /api/auth/notifications \u001b[36m304\u001b[0m 255.811 ms - -\u001b[0m","timestamp":"2026-06-03 19:34:00"}
{"level":"info","message":"\u001b[0mGET /api/events?page=1&limit=12 \u001b[36m304\u001b[0m 90.325 ms - -\u001b[0m","timestamp":"2026-06-03 19:34:00"}
{"level":"info","message":"\u001b[0mGET /api/auth/notifications \u001b[36m304\u001b[0m 177.714 ms - -\u001b[0m","timestamp":"2026-06-03 19:34:00"}
{"level":"info","message":"\u001b[0mGET /api/auth/notifications \u001b[36m304\u001b[0m 171.228 ms - -\u001b[0m","timestamp":"2026-06-03 19:34:00"}
{"level":"info","message":"\u001b[0mGET /api/bookings/referral/code \u001b[36m304\u001b[0m 206.642 ms - -\u001b[0m","timestamp":"2026-06-03 19:34:03"}
{"level":"info","message":"\u001b[0mGET /api/bookings/referral/code \u001b[36m304\u001b[0m 118.516 ms - -\u001b[0m","timestamp":"2026-06-03 19:34:03"}
{"level":"info","message":"\u001b[0mGET /api/bookings/my-bookings \u001b[36m304\u001b[0m 814.178 ms - -\u001b[0m","timestamp":"2026-06-03 19:34:04"}
{"level":"info","message":"\u001b[0mGET /api/bookings/my-bookings \u001b[36m304\u001b[0m 480.552 ms - -\u001b[0m","timestamp":"2026-06-03 19:34:04"}
{"level":"info","message":"\u001b[0mGET /api/auth/notifications \u001b[36m304\u001b[0m 171.083 ms - -\u001b[0m","timestamp":"2026-06-03 19:34:10"}
{"level":"info","message":"\u001b[0mPOST /api/bookings/deposit-wallet/order \u001b[32m200\u001b[0m 183.717 ms - 153\u001b[0m","timestamp":"2026-06-03 19:34:12"}
{"level":"info","message":"\u001b[0mPOST /api/bookings/deposit-wallet/verify \u001b[32m200\u001b[0m 560.482 ms - 92\u001b[0m","timestamp":"2026-06-03 19:34:14"}
{"level":"info","message":"\u001b[0mGET /api/auth/me \u001b[32m200\u001b[0m 120.472 ms - 287\u001b[0m","timestamp":"2026-06-03 19:34:14"}
{"level":"info","message":"\u001b[0mGET /api/auth/notifications \u001b[32m200\u001b[0m 182.522 ms - 580\u001b[0m","timestamp":"2026-06-03 19:34:14"}
{"level":"info","message":"\u001b[0mGET /api/auth/notifications \u001b[36m304\u001b[0m 200.075 ms - -\u001b[0m","timestamp":"2026-06-03 19:34:24"}
{"level":"info","message":"\u001b[0mGET /api/auth/notifications \u001b[36m304\u001b[0m 477.215 ms - -\u001b[0m","timestamp":"2026-06-03 19:34:34"}
{"level":"info","message":"\u001b[0mGET /api/auth/notifications \u001b[36m304\u001b[0m 313.352 ms - -\u001b[0m","timestamp":"2026-06-03 19:34:44"}
{"level":"info","message":"\u001b[0mGET /api/auth/notifications \u001b[36m304\u001b[0m 200.317 ms - -\u001b[0m","timestamp":"2026-06-03 19:34:54"}
{"level":"info","message":"\u001b[0mGET /api/auth/notifications \u001b[36m304\u001b[0m 211.617 ms - -\u001b[0m","timestamp":"2026-06-03 19:35:04"}
{"level":"info","message":"\u001b[0mGET /api/auth/notifications \u001b[36m304\u001b[0m 549.098 ms - -\u001b[0m","timestamp":"2026-06-03 19:35:15"}
{"level":"info","message":"\u001b[0mGET /api/auth/notifications \u001b[36m304\u001b[0m 204.884 ms - -\u001b[0m","timestamp":"2026-06-03 19:35:24"}
{"level":"info","message":"\u001b[0mGET /api/auth/notifications \u001b[36m304\u001b[0m 295.204 ms - -\u001b[0m","timestamp":"2026-06-03 19:35:34"}
{"level":"info","message":"\u001b[0mGET /api/auth/notifications \u001b[36m304\u001b[0m 187.479 ms - -\u001b[0m","timestamp":"2026-06-03 19:35:44"}
{"level":"info","message":"\u001b[0mGET /api/auth/notifications \u001b[36m304\u001b[0m 185.297 ms - -\u001b[0m","timestamp":"2026-06-03 19:35:54"}
{"level":"info","message":"\u001b[0mGET /api/auth/notifications \u001b[36m304\u001b[0m 202.531 ms - -\u001b[0m","timestamp":"2026-06-03 19:36:04"}
{"level":"info","message":"\u001b[0mGET /api/auth/notifications \u001b[36m304\u001b[0m 314.969 ms - -\u001b[0m","timestamp":"2026-06-03 19:36:14"}
{"level":"info","message":"\u001b[0mGET /api/auth/notifications \u001b[36m304\u001b[0m 208.228 ms - -\u001b[0m","timestamp":"2026-06-03 19:36:24"}
{"level":"info","message":"\u001b[0mGET /api/auth/notifications \u001b[36m304\u001b[0m 178.640 ms - -\u001b[0m","timestamp":"2026-06-03 19:36:34"}
{"level":"info","message":"\u001b[0mGET /api/auth/notifications \u001b[36m304\u001b[0m 435.412 ms - -\u001b[0m","timestamp":"2026-06-03 19:36:44"}
{"level":"info","message":"\u001b[0mGET /api/auth/notifications \u001b[36m304\u001b[0m 260.381 ms - -\u001b[0m","timestamp":"2026-06-03 19:36:54"}
{"level":"info","message":"\u001b[0mGET /api/auth/notifications \u001b[36m304\u001b[0m 169.957 ms - -\u001b[0m","timestamp":"2026-06-03 19:37:04"}
{"level":"info","message":"\u001b[0mGET /api/auth/notifications \u001b[36m304\u001b[0m 313.829 ms - -\u001b[0m","timestamp":"2026-06-03 19:37:14"}
{"level":"info","message":"\u001b[0mGET /api/auth/notifications \u001b[36m304\u001b[0m 138.906 ms - -\u001b[0m","timestamp":"2026-06-03 19:37:24"}
{"level":"info","message":"\u001b[0mGET /api/auth/notifications \u001b[36m304\u001b[0m 161.477 ms - -\u001b[0m","timestamp":"2026-06-03 19:37:34"}
{"level":"info","message":"\u001b[0mGET /api/auth/notifications \u001b[36m304\u001b[0m 161.866 ms - -\u001b[0m","timestamp":"2026-06-03 19:37:44"}
{"level":"info","message":"\u001b[0mGET /api/auth/notifications \u001b[36m304\u001b[0m 214.747 ms - -\u001b[0m","timestamp":"2026-06-03 19:37:54"}
{"level":"info","message":"\u001b[0mGET /api/auth/notifications \u001b[36m304\u001b[0m 1198.781 ms - -\u001b[0m","timestamp":"2026-06-03 19:38:05"}
{"level":"info","message":"\u001b[0mGET /api/auth/notifications \u001b[36m304\u001b[0m 200.986 ms - -\u001b[0m","timestamp":"2026-06-03 19:38:14"}
{"level":"info","message":"\u001b[0mGET /api/auth/notifications \u001b[36m304\u001b[0m 172.490 ms - -\u001b[0m","timestamp":"2026-06-03 19:38:24"}
{"level":"info","message":"\u001b[0mGET /api/auth/notifications \u001b[36m304\u001b[0m 252.707 ms - -\u001b[0m","timestamp":"2026-06-03 19:38:34"}
{"level":"info","message":"\u001b[0mGET /api/auth/notifications \u001b[36m304\u001b[0m 199.259 ms - -\u001b[0m","timestamp":"2026-06-03 19:38:44"}
{"level":"info","message":"\u001b[0mGET /api/auth/notifications \u001b[36m304\u001b[0m 280.070 ms - -\u001b[0m","timestamp":"2026-06-03 19:38:54"}
{"level":"info","message":"\u001b[0mGET /api/auth/notifications \u001b[36m304\u001b[0m 224.451 ms - -\u001b[0m","timestamp":"2026-06-03 19:39:04"}
{"level":"info","message":"\u001b[0mGET /api/auth/notifications \u001b[36m304\u001b[0m 200.916 ms - -\u001b[0m","timestamp":"2026-06-03 19:39:14"}
{"level":"info","message":"\u001b[0mGET /api/auth/notifications \u001b[36m304\u001b[0m 240.145 ms - -\u001b[0m","timestamp":"2026-06-03 19:39:24"}
{"level":"info","message":"\u001b[0mGET /api/auth/notifications \u001b[36m304\u001b[0m 300.143 ms - -\u001b[0m","timestamp":"2026-06-03 19:39:34"}
{"level":"info","message":"\u001b[0mGET /api/auth/notifications \u001b[36m304\u001b[0m 186.029 ms - -\u001b[0m","timestamp":"2026-06-03 19:39:44"}
{"level":"info","message":"\u001b[0mGET /api/auth/notifications \u001b[36m304\u001b[0m 191.925 ms - -\u001b[0m","timestamp":"2026-06-03 19:39:54"}
{"level":"info","message":"\u001b[0mGET /api/auth/notifications \u001b[36m304\u001b[0m 257.830 ms - -\u001b[0m","timestamp":"2026-06-03 19:40:04"}
{"level":"info","message":"\u001b[0mGET /api/auth/notifications \u001b[36m304\u001b[0m 249.638 ms - -\u001b[0m","timestamp":"2026-06-03 19:40:14"}
{"level":"info","message":"\u001b[0mGET /api/auth/notifications \u001b[36m304\u001b[0m 401.914 ms - -\u001b[0m","timestamp":"2026-06-03 19:40:24"}
{"level":"info","message":"\u001b[0mGET /api/auth/notifications \u001b[36m304\u001b[0m 348.934 ms - -\u001b[0m","timestamp":"2026-06-03 19:40:34"}
{"level":"info","message":"\u001b[0mGET /api/auth/notifications \u001b[36m304\u001b[0m 458.885 ms - -\u001b[0m","timestamp":"2026-06-03 19:40:44"}
{"level":"info","message":"\u001b[0mGET /api/auth/notifications \u001b[36m304\u001b[0m 254.133 ms - -\u001b[0m","timestamp":"2026-06-03 19:40:54"}
{"level":"info","message":"\u001b[0mGET /api/auth/notifications \u001b[36m304\u001b[0m 583.066 ms - -\u001b[0m","timestamp":"2026-06-03 19:41:05"}
{"level":"info","message":"\u001b[0mGET /api/auth/notifications \u001b[36m304\u001b[0m 304.063 ms - -\u001b[0m","timestamp":"2026-06-03 19:41:14"}
{"level":"info","message":"\u001b[0mGET /api/auth/notifications \u001b[36m304\u001b[0m 550.731 ms - -\u001b[0m","timestamp":"2026-06-03 19:41:25"}
{"level":"info","message":"\u001b[0mGET /api/auth/notifications \u001b[36m304\u001b[0m 424.272 ms - -\u001b[0m","timestamp":"2026-06-03 19:41:34"}
{"level":"info","message":"\u001b[0mGET /api/auth/notifications \u001b[36m304\u001b[0m 194.763 ms - -\u001b[0m","timestamp":"2026-06-03 19:41:44"}
{"level":"info","message":"\u001b[0mGET /api/auth/notifications \u001b[36m304\u001b[0m 238.891 ms - -\u001b[0m","timestamp":"2026-06-03 19:41:54"}
{"level":"info","message":"\u001b[0mGET /api/auth/notifications \u001b[36m304\u001b[0m 243.987 ms - -\u001b[0m","timestamp":"2026-06-03 19:42:04"}
{"level":"info","message":"\u001b[0mGET /api/auth/notifications \u001b[36m304\u001b[0m 171.626 ms - -\u001b[0m","timestamp":"2026-06-03 19:42:14"}
{"level":"info","message":"\u001b[0mGET /api/auth/notifications \u001b[36m304\u001b[0m 276.241 ms - -\u001b[0m","timestamp":"2026-06-03 19:42:25"}
{"level":"info","message":"\u001b[0mGET /api/auth/notifications \u001b[36m304\u001b[0m 415.947 ms - -\u001b[0m","timestamp":"2026-06-03 19:42:35"}
{"level":"info","message":"\u001b[0mGET /api/auth/notifications \u001b[36m304\u001b[0m 298.574 ms - -\u001b[0m","timestamp":"2026-06-03 19:42:45"}
{"level":"info","message":"\u001b[0mGET /api/auth/notifications \u001b[36m304\u001b[0m 398.877 ms - -\u001b[0m","timestamp":"2026-06-03 19:42:55"}
{"level":"info","message":"\u001b[0mGET /api/auth/notifications \u001b[36m304\u001b[0m 470.693 ms - -\u001b[0m","timestamp":"2026-06-03 19:43:05"}
{"level":"info","message":"\u001b[0mGET /api/auth/notifications \u001b[36m304\u001b[0m 198.395 ms - -\u001b[0m","timestamp":"2026-06-03 19:43:15"}
{"level":"info","message":"\u001b[0mGET /api/auth/notifications \u001b[36m304\u001b[0m 683.567 ms - -\u001b[0m","timestamp":"2026-06-03 19:43:47"}
{"level":"info","message":"\u001b[0mGET /api/auth/notifications \u001b[36m304\u001b[0m 352.776 ms - -\u001b[0m","timestamp":"2026-06-03 19:43:54"}
{"level":"info","message":"\u001b[0mGET /api/auth/notifications \u001b[36m304\u001b[0m 191.230 ms - -\u001b[0m","timestamp":"2026-06-03 19:44:04"}
{"level":"info","message":"\u001b[0mGET /api/auth/notifications \u001b[36m304\u001b[0m 210.263 ms - -\u001b[0m","timestamp":"2026-06-03 19:44:14"}
{"level":"info","message":"\u001b[0mGET /api/auth/notifications \u001b[36m304\u001b[0m 441.397 ms - -\u001b[0m","timestamp":"2026-06-03 19:44:24"}
{"level":"info","message":"\u001b[0mGET /api/auth/notifications \u001b[36m304\u001b[0m 243.585 ms - -\u001b[0m","timestamp":"2026-06-03 19:44:34"}
{"level":"info","message":"\u001b[0mGET /api/auth/notifications \u001b[36m304\u001b[0m 196.828 ms - -\u001b[0m","timestamp":"2026-06-03 19:44:44"}
{"level":"info","message":"\u001b[0mGET /api/auth/notifications \u001b[36m304\u001b[0m 240.041 ms - -\u001b[0m","timestamp":"2026-06-03 19:44:54"}
{"level":"info","message":"\u001b[0mGET /api/auth/notifications \u001b[36m304\u001b[0m 221.447 ms - -\u001b[0m","timestamp":"2026-06-03 19:45:04"}
{"level":"info","message":"\u001b[0mGET /api/auth/notifications \u001b[36m304\u001b[0m 192.843 ms - -\u001b[0m","timestamp":"2026-06-03 19:45:14"}
{"level":"info","message":"\u001b[0mGET /api/auth/notifications \u001b[36m304\u001b[0m 189.870 ms - -\u001b[0m","timestamp":"2026-06-03 19:45:24"}
{"level":"info","message":"\u001b[0mGET /api/auth/notifications \u001b[36m304\u001b[0m 191.882 ms - -\u001b[0m","timestamp":"2026-06-03 19:45:34"}
{"level":"info","message":"\u001b[0mGET /api/events?page=1&limit=12 \u001b[32m200\u001b[0m 237.193 ms - 1355\u001b[0m","timestamp":"2026-06-04 11:04:29"}
{"level":"info","message":"\u001b[0mGET /api/events?page=1&limit=12 \u001b[36m304\u001b[0m 139.976 ms - -\u001b[0m","timestamp":"2026-06-04 11:04:29"}
{"level":"info","message":"\u001b[0mGET /api/events?page=1&limit=12 \u001b[32m200\u001b[0m 268.687 ms - 1355\u001b[0m","timestamp":"2026-06-04 11:06:20"}
{"level":"info","message":"\u001b[0mGET /api/events?page=1&limit=12 \u001b[36m304\u001b[0m 108.933 ms - -\u001b[0m","timestamp":"2026-06-04 11:06:21"}
